#! /usr/bin/vvp
:ivl_version "12.0 (stable)";
:ivl_delay_selection "TYPICAL";
:vpi_time_precision - 12;
:vpi_module "/usr/lib/x86_64-linux-gnu/ivl/system.vpi";
:vpi_module "/usr/lib/x86_64-linux-gnu/ivl/vhdl_sys.vpi";
:vpi_module "/usr/lib/x86_64-linux-gnu/ivl/vhdl_textio.vpi";
:vpi_module "/usr/lib/x86_64-linux-gnu/ivl/v2005_math.vpi";
:vpi_module "/usr/lib/x86_64-linux-gnu/ivl/va_math.vpi";
S_0x643bc86ea4f0 .scope module, "async_fifo_tb" "async_fifo_tb" 2 3;
 .timescale -9 -12;
P_0x643bc86d45c0 .param/l "ADDR_WIDTH" 0 2 6, +C4<00000000000000000000000000000100>;
P_0x643bc86d4600 .param/l "DATA_WIDTH" 0 2 5, +C4<00000000000000000000000000001000>;
v0x643bc870e350_0 .net "empty", 0 0, L_0x643bc870f5d0;  1 drivers
v0x643bc870e410_0 .net "full", 0 0, L_0x643bc870f490;  1 drivers
v0x643bc870e4e0_0 .var "rd_clk", 0 0;
v0x643bc870e5e0_0 .net "rd_data", 7 0, L_0x643bc86d7c90;  1 drivers
v0x643bc870e6b0_0 .var "rd_en", 0 0;
v0x643bc870e750_0 .var "rd_rst", 0 0;
v0x643bc870e820_0 .var "wr_clk", 0 0;
v0x643bc870e8f0_0 .var "wr_data", 7 0;
v0x643bc870e9c0_0 .var "wr_en", 0 0;
v0x643bc870ea90_0 .var "wr_rst", 0 0;
S_0x643bc86ea7b0 .scope module, "uut" "async_fifo" 2 18, 3 1 0, S_0x643bc86ea4f0;
 .timescale -9 -12;
    .port_info 0 /INPUT 1 "wr_clk";
    .port_info 1 /INPUT 1 "wr_rst";
    .port_info 2 /INPUT 1 "wr_en";
    .port_info 3 /INPUT 8 "wr_data";
    .port_info 4 /OUTPUT 1 "full";
    .port_info 5 /INPUT 1 "rd_clk";
    .port_info 6 /INPUT 1 "rd_rst";
    .port_info 7 /INPUT 1 "rd_en";
    .port_info 8 /OUTPUT 8 "rd_data";
    .port_info 9 /OUTPUT 1 "empty";
P_0x643bc86a6490 .param/l "ADDR_WIDTH" 0 3 3, +C4<00000000000000000000000000000100>;
P_0x643bc86a64d0 .param/l "DATA_WIDTH" 0 3 2, +C4<00000000000000000000000000001000>;
P_0x643bc86a6510 .param/l "DEPTH" 1 3 18, +C4<000000000000000000000000000000010000>;
L_0x643bc86d7c90 .functor BUFZ 8, L_0x643bc870eb60, C4<00000000>, C4<00000000>, C4<00000000>;
L_0x643bc86d8690 .functor NOT 2, L_0x643bc870f0b0, C4<00>, C4<00>, C4<00>;
v0x643bc870c8f0_0 .net *"_ivl_0", 7 0, L_0x643bc870eb60;  1 drivers
v0x643bc870c9f0_0 .net *"_ivl_15", 1 0, L_0x643bc870f0b0;  1 drivers
v0x643bc870cad0_0 .net *"_ivl_16", 1 0, L_0x643bc86d8690;  1 drivers
v0x643bc870cbc0_0 .net *"_ivl_19", 2 0, L_0x643bc870f260;  1 drivers
v0x643bc870cca0_0 .net *"_ivl_20", 4 0, L_0x643bc870f300;  1 drivers
v0x643bc870cdd0_0 .net *"_ivl_3", 3 0, L_0x643bc870ec60;  1 drivers
v0x643bc870ceb0_0 .net *"_ivl_4", 5 0, L_0x643bc870ed60;  1 drivers
L_0x7ceb5aab5018 .functor BUFT 1, C4<00>, C4<0>, C4<0>, C4<0>;
v0x643bc870cf90_0 .net *"_ivl_7", 1 0, L_0x7ceb5aab5018;  1 drivers
v0x643bc870d070_0 .net "empty", 0 0, L_0x643bc870f5d0;  alias, 1 drivers
v0x643bc870d130_0 .net "full", 0 0, L_0x643bc870f490;  alias, 1 drivers
v0x643bc870d1f0 .array "mem", 15 0, 7 0;
v0x643bc870d2b0_0 .net "rd_clk", 0 0, v0x643bc870e4e0_0;  1 drivers
v0x643bc870d370_0 .net "rd_data", 7 0, L_0x643bc86d7c90;  alias, 1 drivers
v0x643bc870d450_0 .net "rd_en", 0 0, v0x643bc870e6b0_0;  1 drivers
v0x643bc870d510_0 .var "rd_ptr_bin", 4 0;
v0x643bc870d5f0_0 .net "rd_ptr_bin_sync", 4 0, L_0x643bc870f010;  1 drivers
v0x643bc870d6d0_0 .var "rd_ptr_gray", 4 0;
v0x643bc870d7b0_0 .var "rd_ptr_gray_sync1", 4 0;
v0x643bc870d890_0 .var "rd_ptr_gray_sync2", 4 0;
v0x643bc870d970_0 .net "rd_rst", 0 0, v0x643bc870e750_0;  1 drivers
v0x643bc870da30_0 .net "wr_clk", 0 0, v0x643bc870e820_0;  1 drivers
v0x643bc870daf0_0 .net "wr_data", 7 0, v0x643bc870e8f0_0;  1 drivers
v0x643bc870dbd0_0 .net "wr_en", 0 0, v0x643bc870e9c0_0;  1 drivers
v0x643bc870dc90_0 .var "wr_ptr_bin", 4 0;
v0x643bc870dd70_0 .net "wr_ptr_bin_sync", 4 0, L_0x643bc870ef40;  1 drivers
v0x643bc870de50_0 .var "wr_ptr_gray", 4 0;
v0x643bc870df30_0 .var "wr_ptr_gray_sync1", 4 0;
v0x643bc870e010_0 .var "wr_ptr_gray_sync2", 4 0;
v0x643bc870e0f0_0 .net "wr_rst", 0 0, v0x643bc870ea90_0;  1 drivers
E_0x643bc86e19f0 .event posedge, v0x643bc870d2b0_0;
E_0x643bc86a6e80 .event posedge, v0x643bc870da30_0;
E_0x643bc86e7210 .event posedge, v0x643bc870d970_0, v0x643bc870d2b0_0;
E_0x643bc86ca1d0 .event posedge, v0x643bc870e0f0_0, v0x643bc870da30_0;
L_0x643bc870eb60 .array/port v0x643bc870d1f0, L_0x643bc870ed60;
L_0x643bc870ec60 .part v0x643bc870d510_0, 0, 4;
L_0x643bc870ed60 .concat [ 4 2 0 0], L_0x643bc870ec60, L_0x7ceb5aab5018;
L_0x643bc870ef40 .ufunc/vec4 TD_async_fifo_tb.uut.gray_to_bin, 5, v0x643bc870d890_0 (v0x643bc86d7e30_0) S_0x643bc86a6750;
L_0x643bc870f010 .ufunc/vec4 TD_async_fifo_tb.uut.gray_to_bin, 5, v0x643bc870e010_0 (v0x643bc86d7e30_0) S_0x643bc86a6750;
L_0x643bc870f0b0 .part v0x643bc870d890_0, 3, 2;
L_0x643bc870f260 .part v0x643bc870d890_0, 0, 3;
L_0x643bc870f300 .concat [ 3 2 0 0], L_0x643bc870f260, L_0x643bc86d8690;
L_0x643bc870f490 .cmp/eq 5, v0x643bc870de50_0, L_0x643bc870f300;
L_0x643bc870f5d0 .cmp/eq 5, v0x643bc870d6d0_0, v0x643bc870e010_0;
S_0x643bc86a6750 .scope function.vec4.s5, "gray_to_bin" "gray_to_bin" 3 58, 3 58 0, S_0x643bc86ea7b0;
 .timescale -9 -12;
v0x643bc86d7e30_0 .var "gray", 4 0;
; Variable gray_to_bin is vec4 return value of scope S_0x643bc86a6750
v0x643bc870c800_0 .var/i "i", 31 0;
TD_async_fifo_tb.uut.gray_to_bin ;
    %load/vec4 v0x643bc86d7e30_0;
    %parti/s 1, 4, 4;
    %ix/load 4, 4, 0;
    %flag_set/imm 4, 0;
    %ret/vec4 0, 4, 1; Assign to gray_to_bin (store_vec4_to_lval)
    %pushi/vec4 3, 0, 32;
    %store/vec4 v0x643bc870c800_0, 0, 32;
T_0.0 ;
    %load/vec4 v0x643bc870c800_0;
    %cmpi/s 0, 0, 32;
    %flag_inv 5; GE is !LT
    %jmp/0xz T_0.1, 5;
    %retload/vec4 0; Load gray_to_bin (draw_signal_vec4)
    %load/vec4 v0x643bc870c800_0;
    %addi 1, 0, 32;
    %part/s 1;
    %load/vec4 v0x643bc86d7e30_0;
    %load/vec4 v0x643bc870c800_0;
    %part/s 1;
    %xor;
    %ix/getv/s 4, v0x643bc870c800_0;
    %ret/vec4 0, 4, 1; Assign to gray_to_bin (store_vec4_to_lval)
    %load/vec4 v0x643bc870c800_0;
    %subi 1, 0, 32;
    %store/vec4 v0x643bc870c800_0, 0, 32;
    %jmp T_0.0;
T_0.1 ;
    %end;
    .scope S_0x643bc86ea7b0;
T_1 ;
    %wait E_0x643bc86ca1d0;
    %load/vec4 v0x643bc870e0f0_0;
    %flag_set/vec4 8;
    %jmp/0xz  T_1.0, 8;
    %pushi/vec4 0, 0, 5;
    %assign/vec4 v0x643bc870dc90_0, 0;
    %pushi/vec4 0, 0, 5;
    %assign/vec4 v0x643bc870de50_0, 0;
    %jmp T_1.1;
T_1.0 ;
    %load/vec4 v0x643bc870dbd0_0;
    %flag_set/vec4 9;
    %flag_get/vec4 9;
    %jmp/0 T_1.4, 9;
    %load/vec4 v0x643bc870d130_0;
    %nor/r;
    %and;
T_1.4;
    %flag_set/vec4 8;
    %jmp/0xz  T_1.2, 8;
    %load/vec4 v0x643bc870daf0_0;
    %load/vec4 v0x643bc870dc90_0;
    %parti/s 4, 0, 2;
    %pad/u 6;
    %ix/vec4 3;
    %ix/load 4, 0, 0; Constant delay
    %assign/vec4/a/d v0x643bc870d1f0, 0, 4;
    %load/vec4 v0x643bc870dc90_0;
    %addi 1, 0, 5;
    %assign/vec4 v0x643bc870dc90_0, 0;
    %load/vec4 v0x643bc870dc90_0;
    %pad/u 32;
    %addi 1, 0, 32;
    %load/vec4 v0x643bc870dc90_0;
    %pad/u 32;
    %addi 1, 0, 32;
    %ix/load 4, 1, 0;
    %flag_set/imm 4, 0;
    %shiftr 4;
    %xor;
    %pad/u 5;
    %assign/vec4 v0x643bc870de50_0, 0;
T_1.2 ;
T_1.1 ;
    %jmp T_1;
    .thread T_1;
    .scope S_0x643bc86ea7b0;
T_2 ;
    %wait E_0x643bc86e7210;
    %load/vec4 v0x643bc870d970_0;
    %flag_set/vec4 8;
    %jmp/0xz  T_2.0, 8;
    %pushi/vec4 0, 0, 5;
    %assign/vec4 v0x643bc870d510_0, 0;
    %pushi/vec4 0, 0, 5;
    %assign/vec4 v0x643bc870d6d0_0, 0;
    %jmp T_2.1;
T_2.0 ;
    %load/vec4 v0x643bc870d450_0;
    %flag_set/vec4 9;
    %flag_get/vec4 9;
    %jmp/0 T_2.4, 9;
    %load/vec4 v0x643bc870d070_0;
    %nor/r;
    %and;
T_2.4;
    %flag_set/vec4 8;
    %jmp/0xz  T_2.2, 8;
    %load/vec4 v0x643bc870d510_0;
    %addi 1, 0, 5;
    %assign/vec4 v0x643bc870d510_0, 0;
    %load/vec4 v0x643bc870d510_0;
    %pad/u 32;
    %addi 1, 0, 32;
    %load/vec4 v0x643bc870d510_0;
    %pad/u 32;
    %addi 1, 0, 32;
    %ix/load 4, 1, 0;
    %flag_set/imm 4, 0;
    %shiftr 4;
    %xor;
    %pad/u 5;
    %assign/vec4 v0x643bc870d6d0_0, 0;
T_2.2 ;
T_2.1 ;
    %jmp T_2;
    .thread T_2;
    .scope S_0x643bc86ea7b0;
T_3 ;
    %wait E_0x643bc86a6e80;
    %load/vec4 v0x643bc870d6d0_0;
    %assign/vec4 v0x643bc870d7b0_0, 0;
    %load/vec4 v0x643bc870d7b0_0;
    %assign/vec4 v0x643bc870d890_0, 0;
    %jmp T_3;
    .thread T_3;
    .scope S_0x643bc86ea7b0;
T_4 ;
    %wait E_0x643bc86e19f0;
    %load/vec4 v0x643bc870de50_0;
    %assign/vec4 v0x643bc870df30_0, 0;
    %load/vec4 v0x643bc870df30_0;
    %assign/vec4 v0x643bc870e010_0, 0;
    %jmp T_4;
    .thread T_4;
    .scope S_0x643bc86ea4f0;
T_5 ;
    %pushi/vec4 0, 0, 1;
    %store/vec4 v0x643bc870e820_0, 0, 1;
    %pushi/vec4 0, 0, 1;
    %store/vec4 v0x643bc870e4e0_0, 0, 1;
T_5.0 ;
    %delay 5000, 0;
    %load/vec4 v0x643bc870e820_0;
    %inv;
    %store/vec4 v0x643bc870e820_0, 0, 1;
    %jmp T_5.0;
    %end;
    .thread T_5;
    .scope S_0x643bc86ea4f0;
T_6 ;
T_6.0 ;
    %delay 7000, 0;
    %load/vec4 v0x643bc870e4e0_0;
    %inv;
    %store/vec4 v0x643bc870e4e0_0, 0, 1;
    %jmp T_6.0;
    %end;
    .thread T_6;
    .scope S_0x643bc86ea4f0;
T_7 ;
    %pushi/vec4 1, 0, 1;
    %store/vec4 v0x643bc870ea90_0, 0, 1;
    %pushi/vec4 1, 0, 1;
    %store/vec4 v0x643bc870e750_0, 0, 1;
    %pushi/vec4 0, 0, 1;
    %store/vec4 v0x643bc870e9c0_0, 0, 1;
    %pushi/vec4 0, 0, 1;
    %store/vec4 v0x643bc870e6b0_0, 0, 1;
    %pushi/vec4 0, 0, 8;
    %store/vec4 v0x643bc870e8f0_0, 0, 8;
    %delay 20000, 0;
    %pushi/vec4 0, 0, 1;
    %store/vec4 v0x643bc870ea90_0, 0, 1;
    %pushi/vec4 0, 0, 1;
    %store/vec4 v0x643bc870e750_0, 0, 1;
    %delay 10000, 0;
    %pushi/vec4 10, 0, 32;
T_7.0 %dup/vec4;
    %pushi/vec4 0, 0, 32;
    %cmp/s;
    %jmp/1xz T_7.1, 5;
    %jmp/1 T_7.1, 4;
    %pushi/vec4 1, 0, 32;
    %sub;
    %wait E_0x643bc86a6e80;
    %load/vec4 v0x643bc870e410_0;
    %nor/r;
    %flag_set/vec4 8;
    %jmp/0xz  T_7.2, 8;
    %pushi/vec4 1, 0, 1;
    %store/vec4 v0x643bc870e9c0_0, 0, 1;
    %load/vec4 v0x643bc870e8f0_0;
    %addi 1, 0, 8;
    %store/vec4 v0x643bc870e8f0_0, 0, 8;
    %jmp T_7.3;
T_7.2 ;
    %pushi/vec4 0, 0, 1;
    %store/vec4 v0x643bc870e9c0_0, 0, 1;
T_7.3 ;
    %jmp T_7.0;
T_7.1 ;
    %pop/vec4 1;
    %pushi/vec4 0, 0, 1;
    %store/vec4 v0x643bc870e9c0_0, 0, 1;
    %delay 50000, 0;
    %pushi/vec4 10, 0, 32;
T_7.4 %dup/vec4;
    %pushi/vec4 0, 0, 32;
    %cmp/s;
    %jmp/1xz T_7.5, 5;
    %jmp/1 T_7.5, 4;
    %pushi/vec4 1, 0, 32;
    %sub;
    %wait E_0x643bc86e19f0;
    %load/vec4 v0x643bc870e350_0;
    %nor/r;
    %flag_set/vec4 8;
    %jmp/0xz  T_7.6, 8;
    %pushi/vec4 1, 0, 1;
    %store/vec4 v0x643bc870e6b0_0, 0, 1;
    %jmp T_7.7;
T_7.6 ;
    %pushi/vec4 0, 0, 1;
    %store/vec4 v0x643bc870e6b0_0, 0, 1;
T_7.7 ;
    %jmp T_7.4;
T_7.5 ;
    %pop/vec4 1;
    %pushi/vec4 0, 0, 1;
    %store/vec4 v0x643bc870e6b0_0, 0, 1;
    %delay 100000, 0;
    %vpi_call 2 80 "$finish" {0 0 0};
    %end;
    .thread T_7;
    .scope S_0x643bc86ea4f0;
T_8 ;
    %vpi_call 2 84 "$dumpfile", "dump.vcd" {0 0 0};
    %vpi_call 2 85 "$dumpvars", 32'sb00000000000000000000000000000000, S_0x643bc86ea4f0 {0 0 0};
    %end;
    .thread T_8;
# The file index is used to find the file name in the following table.
:file_names 4;
    "N/A";
    "<interactive>";
    "testbench.v";
    "./design.v";
