#! /usr/bin/vvp
:ivl_version "12.0 (stable)";
:ivl_delay_selection "TYPICAL";
:vpi_time_precision + 0;
:vpi_module "/usr/lib/x86_64-linux-gnu/ivl/system.vpi";
:vpi_module "/usr/lib/x86_64-linux-gnu/ivl/vhdl_sys.vpi";
:vpi_module "/usr/lib/x86_64-linux-gnu/ivl/vhdl_textio.vpi";
:vpi_module "/usr/lib/x86_64-linux-gnu/ivl/v2005_math.vpi";
:vpi_module "/usr/lib/x86_64-linux-gnu/ivl/va_math.vpi";
S_0x62765998c230 .scope module, "UART_module_tb" "UART_module_tb" 2 2;
 .timescale 0 0;
v0x6276599a87e0_0 .net "busy", 0 0, L_0x6276599a8cb0;  1 drivers
v0x6276599a88a0_0 .var "clk", 0 0;
v0x6276599a8940_0 .var "data_in", 7 0;
v0x6276599a8a40_0 .var "rst", 0 0;
v0x6276599a8b10_0 .var "start", 0 0;
v0x6276599a8bb0_0 .net "tx", 0 0, v0x6276599a8580_0;  1 drivers
S_0x62765998c3c0 .scope task, "send_uart_data" "send_uart_data" 2 28, 2 28 0, S_0x62765998c230;
 .timescale 0 0;
v0x627659974ed0_0 .var "data", 7 0;
E_0x62765994edd0 .event anyedge, v0x6276599a7fb0_0;
E_0x627659987d00 .event posedge, v0x6276599a8070_0;
TD_UART_module_tb.send_uart_data ;
    %wait E_0x627659987d00;
    %pushi/vec4 1, 0, 1;
    %store/vec4 v0x6276599a8b10_0, 0, 1;
    %load/vec4 v0x627659974ed0_0;
    %store/vec4 v0x6276599a8940_0, 0, 8;
    %wait E_0x627659987d00;
    %pushi/vec4 0, 0, 1;
    %store/vec4 v0x6276599a8b10_0, 0, 1;
T_0.0 ;
    %load/vec4 v0x6276599a87e0_0;
    %pad/u 32;
    %pushi/vec4 0, 0, 32;
    %cmp/e;
    %flag_get/vec4 4;
    %cmpi/ne 1, 0, 1;
    %jmp/0xz T_0.1, 6;
    %wait E_0x62765994edd0;
    %jmp T_0.0;
T_0.1 ;
    %end;
S_0x6276599a7bf0 .scope module, "uut" "UART_module" 2 12, 3 1 0, S_0x62765998c230;
 .timescale 0 0;
    .port_info 0 /INPUT 1 "clk";
    .port_info 1 /INPUT 1 "rst";
    .port_info 2 /INPUT 1 "start";
    .port_info 3 /INPUT 8 "data_in";
    .port_info 4 /OUTPUT 1 "tx";
    .port_info 5 /OUTPUT 1 "busy";
L_0x793fdd757018 .functor BUFT 1, C4<000>, C4<0>, C4<0>, C4<0>;
v0x6276599a7eb0_0 .net/2u *"_ivl_0", 2 0, L_0x793fdd757018;  1 drivers
v0x6276599a7fb0_0 .net "busy", 0 0, L_0x6276599a8cb0;  alias, 1 drivers
v0x6276599a8070_0 .net "clk", 0 0, v0x6276599a88a0_0;  1 drivers
v0x6276599a8110_0 .var "count", 3 0;
v0x6276599a81f0_0 .net "data_in", 7 0, v0x6276599a8940_0;  1 drivers
v0x6276599a8320_0 .net "rst", 0 0, v0x6276599a8a40_0;  1 drivers
v0x6276599a83e0_0 .net "start", 0 0, v0x6276599a8b10_0;  1 drivers
v0x6276599a84a0_0 .var "state", 2 0;
v0x6276599a8580_0 .var "tx", 0 0;
v0x6276599a8640_0 .var "tx_data", 7 0;
E_0x6276599881a0 .event posedge, v0x6276599a8320_0, v0x6276599a8070_0;
L_0x6276599a8cb0 .cmp/ne 3, v0x6276599a84a0_0, L_0x793fdd757018;
    .scope S_0x6276599a7bf0;
T_1 ;
    %pushi/vec4 0, 0, 3;
    %store/vec4 v0x6276599a84a0_0, 0, 3;
    %pushi/vec4 0, 0, 8;
    %store/vec4 v0x6276599a8640_0, 0, 8;
    %pushi/vec4 0, 0, 4;
    %store/vec4 v0x6276599a8110_0, 0, 4;
    %end;
    .thread T_1;
    .scope S_0x6276599a7bf0;
T_2 ;
    %wait E_0x6276599881a0;
    %load/vec4 v0x6276599a8320_0;
    %flag_set/vec4 8;
    %jmp/0xz  T_2.0, 8;
    %pushi/vec4 0, 0, 3;
    %assign/vec4 v0x6276599a84a0_0, 0;
    %pushi/vec4 0, 0, 4;
    %assign/vec4 v0x6276599a8110_0, 0;
    %jmp T_2.1;
T_2.0 ;
    %load/vec4 v0x6276599a84a0_0;
    %dup/vec4;
    %pushi/vec4 0, 0, 3;
    %cmp/u;
    %jmp/1 T_2.2, 6;
    %dup/vec4;
    %pushi/vec4 1, 0, 3;
    %cmp/u;
    %jmp/1 T_2.3, 6;
    %dup/vec4;
    %pushi/vec4 2, 0, 3;
    %cmp/u;
    %jmp/1 T_2.4, 6;
    %dup/vec4;
    %pushi/vec4 3, 0, 3;
    %cmp/u;
    %jmp/1 T_2.5, 6;
    %jmp T_2.6;
T_2.2 ;
    %load/vec4 v0x6276599a81f0_0;
    %assign/vec4 v0x6276599a8640_0, 0;
    %load/vec4 v0x6276599a83e0_0;
    %flag_set/vec4 8;
    %jmp/0xz  T_2.7, 8;
    %pushi/vec4 1, 0, 3;
    %assign/vec4 v0x6276599a84a0_0, 0;
T_2.7 ;
    %jmp T_2.6;
T_2.3 ;
    %pushi/vec4 0, 0, 1;
    %assign/vec4 v0x6276599a8580_0, 0;
    %pushi/vec4 2, 0, 3;
    %assign/vec4 v0x6276599a84a0_0, 0;
    %jmp T_2.6;
T_2.4 ;
    %load/vec4 v0x6276599a8640_0;
    %parti/s 1, 0, 2;
    %assign/vec4 v0x6276599a8580_0, 0;
    %load/vec4 v0x6276599a8640_0;
    %ix/load 4, 1, 0;
    %flag_set/imm 4, 0;
    %shiftr 4;
    %assign/vec4 v0x6276599a8640_0, 0;
    %load/vec4 v0x6276599a8110_0;
    %addi 1, 0, 4;
    %assign/vec4 v0x6276599a8110_0, 0;
    %load/vec4 v0x6276599a8110_0;
    %pad/u 32;
    %cmpi/e 3, 0, 32;
    %jmp/0xz  T_2.9, 4;
    %pushi/vec4 3, 0, 3;
    %assign/vec4 v0x6276599a84a0_0, 0;
T_2.9 ;
    %jmp T_2.6;
T_2.5 ;
    %pushi/vec4 1, 0, 1;
    %assign/vec4 v0x6276599a8580_0, 0;
    %pushi/vec4 0, 0, 3;
    %assign/vec4 v0x6276599a84a0_0, 0;
    %pushi/vec4 0, 0, 4;
    %assign/vec4 v0x6276599a8110_0, 0;
    %jmp T_2.6;
T_2.6 ;
    %pop/vec4 1;
T_2.1 ;
    %jmp T_2;
    .thread T_2;
    .scope S_0x62765998c230;
T_3 ;
    %pushi/vec4 0, 0, 1;
    %store/vec4 v0x6276599a88a0_0, 0, 1;
T_3.0 ;
    %delay 5, 0;
    %load/vec4 v0x6276599a88a0_0;
    %inv;
    %store/vec4 v0x6276599a88a0_0, 0, 1;
    %jmp T_3.0;
    %end;
    .thread T_3;
    .scope S_0x62765998c230;
T_4 ;
    %pushi/vec4 1, 0, 1;
    %store/vec4 v0x6276599a8a40_0, 0, 1;
    %pushi/vec4 0, 0, 1;
    %store/vec4 v0x6276599a8b10_0, 0, 1;
    %pushi/vec4 0, 0, 8;
    %store/vec4 v0x6276599a8940_0, 0, 8;
    %delay 20, 0;
    %pushi/vec4 0, 0, 1;
    %store/vec4 v0x6276599a8a40_0, 0, 1;
    %vpi_call 2 50 "$display", "Test Case 1: Sending 0xA5" {0 0 0};
    %pushi/vec4 165, 0, 8;
    %store/vec4 v0x627659974ed0_0, 0, 8;
    %fork TD_UART_module_tb.send_uart_data, S_0x62765998c3c0;
    %join;
    %vpi_call 2 54 "$display", "Test Case 2: Sending 0x3C" {0 0 0};
    %pushi/vec4 60, 0, 8;
    %store/vec4 v0x627659974ed0_0, 0, 8;
    %fork TD_UART_module_tb.send_uart_data, S_0x62765998c3c0;
    %join;
    %vpi_call 2 58 "$display", "Test Case 3: Sending 0xFF" {0 0 0};
    %pushi/vec4 255, 0, 8;
    %store/vec4 v0x627659974ed0_0, 0, 8;
    %fork TD_UART_module_tb.send_uart_data, S_0x62765998c3c0;
    %join;
    %delay 100, 0;
    %vpi_call 2 63 "$display", "Simulation Completed" {0 0 0};
    %vpi_call 2 64 "$finish" {0 0 0};
    %end;
    .thread T_4;
    .scope S_0x62765998c230;
T_5 ;
    %vpi_call 2 69 "$monitor", "Time=%0t | clk=%b | rst=%b | start=%b | data_in=0x%h | tx=%b | busy=%b", $time, v0x6276599a88a0_0, v0x6276599a8a40_0, v0x6276599a8b10_0, v0x6276599a8940_0, v0x6276599a8bb0_0, v0x6276599a87e0_0 {0 0 0};
    %end;
    .thread T_5;
    .scope S_0x62765998c230;
T_6 ;
    %vpi_call 2 74 "$dumpfile", "dump.vcd" {0 0 0};
    %vpi_call 2 75 "$dumpvars", 32'sb00000000000000000000000000000000 {0 0 0};
    %end;
    .thread T_6;
# The file index is used to find the file name in the following table.
:file_names 4;
    "N/A";
    "<interactive>";
    "testbench.v";
    "./design.v";
