#! /usr/bin/vvp
:ivl_version "12.0 (stable)";
:ivl_delay_selection "TYPICAL";
:vpi_time_precision + 0;
:vpi_module "/usr/lib/x86_64-linux-gnu/ivl/system.vpi";
:vpi_module "/usr/lib/x86_64-linux-gnu/ivl/vhdl_sys.vpi";
:vpi_module "/usr/lib/x86_64-linux-gnu/ivl/vhdl_textio.vpi";
:vpi_module "/usr/lib/x86_64-linux-gnu/ivl/v2005_math.vpi";
:vpi_module "/usr/lib/x86_64-linux-gnu/ivl/va_math.vpi";
S_0x570bea0547d0 .scope module, "traffic_light_controller_tb" "traffic_light_controller_tb" 2 2;
 .timescale 0 0;
v0x570bea069290_0 .var "clk", 0 0;
v0x570bea069350_0 .net "green", 0 0, v0x570bea068e90_0;  1 drivers
v0x570bea069420_0 .net "red", 0 0, v0x570bea068f50_0;  1 drivers
v0x570bea069520_0 .net "yellow", 0 0, v0x570bea069100_0;  1 drivers
S_0x570bea054960 .scope module, "uut" "traffic_light_controller" 2 11, 3 1 0, S_0x570bea0547d0;
 .timescale 0 0;
    .port_info 0 /INPUT 1 "clk";
    .port_info 1 /OUTPUT 1 "red";
    .port_info 2 /OUTPUT 1 "yellow";
    .port_info 3 /OUTPUT 1 "green";
v0x570bea054b80_0 .net "clk", 0 0, v0x570bea069290_0;  1 drivers
v0x570bea068e90_0 .var "green", 0 0;
v0x570bea068f50_0 .var "red", 0 0;
v0x570bea069020_0 .var "state", 2 0;
v0x570bea069100_0 .var "yellow", 0 0;
E_0x570bea018910 .event posedge, v0x570bea054b80_0;
    .scope S_0x570bea054960;
T_0 ;
    %pushi/vec4 0, 0, 3;
    %store/vec4 v0x570bea069020_0, 0, 3;
    %end;
    .thread T_0;
    .scope S_0x570bea054960;
T_1 ;
    %wait E_0x570bea018910;
    %load/vec4 v0x570bea069020_0;
    %dup/vec4;
    %pushi/vec4 0, 0, 3;
    %cmp/u;
    %jmp/1 T_1.0, 6;
    %dup/vec4;
    %pushi/vec4 1, 0, 3;
    %cmp/u;
    %jmp/1 T_1.1, 6;
    %dup/vec4;
    %pushi/vec4 2, 0, 3;
    %cmp/u;
    %jmp/1 T_1.2, 6;
    %dup/vec4;
    %pushi/vec4 3, 0, 3;
    %cmp/u;
    %jmp/1 T_1.3, 6;
    %jmp T_1.4;
T_1.0 ;
    %pushi/vec4 1, 0, 1;
    %assign/vec4 v0x570bea068f50_0, 0;
    %pushi/vec4 0, 0, 1;
    %assign/vec4 v0x570bea069100_0, 0;
    %pushi/vec4 0, 0, 1;
    %assign/vec4 v0x570bea068e90_0, 0;
    %pushi/vec4 1, 0, 3;
    %assign/vec4 v0x570bea069020_0, 0;
    %jmp T_1.4;
T_1.1 ;
    %pushi/vec4 1, 0, 1;
    %assign/vec4 v0x570bea068f50_0, 0;
    %pushi/vec4 1, 0, 1;
    %assign/vec4 v0x570bea069100_0, 0;
    %pushi/vec4 0, 0, 1;
    %assign/vec4 v0x570bea068e90_0, 0;
    %pushi/vec4 2, 0, 3;
    %assign/vec4 v0x570bea069020_0, 0;
    %jmp T_1.4;
T_1.2 ;
    %pushi/vec4 0, 0, 1;
    %assign/vec4 v0x570bea068f50_0, 0;
    %pushi/vec4 0, 0, 1;
    %assign/vec4 v0x570bea069100_0, 0;
    %pushi/vec4 1, 0, 1;
    %assign/vec4 v0x570bea068e90_0, 0;
    %pushi/vec4 3, 0, 3;
    %assign/vec4 v0x570bea069020_0, 0;
    %jmp T_1.4;
T_1.3 ;
    %pushi/vec4 0, 0, 1;
    %assign/vec4 v0x570bea068f50_0, 0;
    %pushi/vec4 1, 0, 1;
    %assign/vec4 v0x570bea069100_0, 0;
    %pushi/vec4 0, 0, 1;
    %assign/vec4 v0x570bea068e90_0, 0;
    %pushi/vec4 0, 0, 3;
    %assign/vec4 v0x570bea069020_0, 0;
    %jmp T_1.4;
T_1.4 ;
    %pop/vec4 1;
    %jmp T_1;
    .thread T_1;
    .scope S_0x570bea0547d0;
T_2 ;
    %pushi/vec4 0, 0, 1;
    %assign/vec4 v0x570bea069290_0, 0;
    %delay 100, 0;
    %pushi/vec4 1, 0, 1;
    %assign/vec4 v0x570bea069290_0, 0;
    %delay 100, 0;
    %pushi/vec4 0, 0, 1;
    %assign/vec4 v0x570bea069290_0, 0;
    %delay 100, 0;
    %pushi/vec4 1, 0, 1;
    %assign/vec4 v0x570bea069290_0, 0;
    %delay 100, 0;
    %pushi/vec4 0, 0, 1;
    %assign/vec4 v0x570bea069290_0, 0;
    %delay 100, 0;
    %pushi/vec4 1, 0, 1;
    %assign/vec4 v0x570bea069290_0, 0;
    %delay 100, 0;
    %pushi/vec4 0, 0, 1;
    %assign/vec4 v0x570bea069290_0, 0;
    %delay 100, 0;
    %pushi/vec4 1, 0, 1;
    %assign/vec4 v0x570bea069290_0, 0;
    %delay 100, 0;
    %pushi/vec4 0, 0, 1;
    %assign/vec4 v0x570bea069290_0, 0;
    %delay 100, 0;
    %pushi/vec4 1, 0, 1;
    %assign/vec4 v0x570bea069290_0, 0;
    %delay 100, 0;
    %pushi/vec4 0, 0, 1;
    %assign/vec4 v0x570bea069290_0, 0;
    %delay 100, 0;
    %pushi/vec4 1, 0, 1;
    %assign/vec4 v0x570bea069290_0, 0;
    %delay 100, 0;
    %end;
    .thread T_2;
    .scope S_0x570bea0547d0;
T_3 ;
    %vpi_call 2 58 "$dumpfile", "dump.vcd" {0 0 0};
    %vpi_call 2 59 "$dumpvars", 32'sb00000000000000000000000000000000 {0 0 0};
    %end;
    .thread T_3;
# The file index is used to find the file name in the following table.
:file_names 4;
    "N/A";
    "<interactive>";
    "testbench.v";
    "./design.v";
